// Jest Snapshot v1, https://goo.gl/fbAQLP

exports[`Skills component tests excepct to render Skills component 1`] = `
<section
  className="skills"
>
  <h1>
    SKILLS
  </h1>
  <div
    className="skills-container"
  >
    <div
      className="skill_container"
    >
      <div
        className="skill"
      >
        <ForwardRef(SvgWebdev)
          className="skill_icon"
        />
        <p>
          Anything that lives on the web, I have an interest for.
        </p>
      </div>
    </div>
    <div
      className="skill_container"
    >
      <div
        className="skill"
      >
        <ForwardRef(SvgPlugindev)
          className="skill_icon"
        />
        <p>
          Anything that lives on the web, I have an interest for.
        </p>
      </div>
    </div>
    <div
      className="skill_container"
    >
      <div
        className="skill"
      >
        <ForwardRef(SvgSitedev)
          className="skill_icon"
        />
        <p>
          Anything that lives on the web, I have an interest for.
        </p>
      </div>
    </div>
  </div>
</section>
`;
